Microchip MPLAB XC8 Compiler V1.45 ()

Linker command line:

-W-3 --edf=C:\Program Files (x86)\Microchip\xc8\v1.45\dat\en_msgs.txt -cs \
  -h+dist/default/production\JakobSimon_Kanadaa.production.sym \
  --cmf=dist/default/production\JakobSimon_Kanadaa.production.cmf -z \
  -Q16F1519 -oC:\Users\Jakob\AppData\Local\Temp\s28g.2 \
  -Mdist/default/production/JakobSimon_Kanadaa.production.map -E1 -ver=XC8 \
  -ASTACK=020BFh-023efh -pstack=STACK -ACODE=00h-07FFhx8 \
  -ASTRCODE=00h-03FFFh -ASTRING=00h-0FFhx64 -ACONST=00h-0FFhx64 \
  -AENTRY=00h-0FFhx64 -ACOMMON=070h-07Fh -ABANK0=020h-06Fh \
  -ABANK1=0A0h-0EFh -ABANK2=0120h-016Fh -ABANK3=01A0h-01EFh \
  -ABANK4=0220h-026Fh -ABANK5=02A0h-02EFh -ABANK6=0320h-036Fh \
  -ABANK7=03A0h-03EFh -ABANK8=0420h-046Fh -ABANK9=04A0h-04EFh \
  -ABANK10=0520h-056Fh -ABANK11=05A0h-05EFh -ABANK12=0620h-064Fh \
  -ABIGRAM=02000h-023EFh \
  -ARAM=020h-06Fh,0A0h-0EFh,0120h-016Fh,01A0h-01EFh,0220h-026Fh,02A0h-02EFh,0320h-036Fh,03A0h-03EFh,0420h-046Fh,04A0h-04EFh,0520h-056Fh,05A0h-05EFh,0620h-064Fh \
  -AABS1=020h-07Fh,0A0h-0EFh,0120h-016Fh,01A0h-01EFh,0220h-026Fh,02A0h-02EFh,0320h-036Fh,03A0h-03EFh,0420h-046Fh,04A0h-04EFh,0520h-056Fh,05A0h-05EFh,0620h-064Fh \
  -ASFR0=00h-01Fh -ASFR1=080h-09Fh -ASFR2=0100h-011Fh -ASFR3=0180h-019Fh \
  -ASFR4=0200h-021Fh -ASFR5=0280h-029Fh -ASFR6=0300h-031Fh \
  -ASFR7=0380h-039Fh -ASFR8=0400h-041Fh -ASFR9=0480h-049Fh \
  -ASFR10=0500h-051Fh -ASFR11=0580h-059Fh -ASFR12=0600h-061Fh \
  -ASFR13=0680h-06EFh -ASFR14=0700h-076Fh -ASFR15=0780h-07EFh \
  -ASFR16=0800h-086Fh -ASFR17=0880h-08EFh -ASFR18=0900h-096Fh \
  -ASFR19=0980h-09EFh -ASFR20=0A00h-0A6Fh -ASFR21=0A80h-0AEFh \
  -ASFR22=0B00h-0B6Fh -ASFR23=0B80h-0BEFh -ASFR24=0C00h-0C6Fh \
  -ASFR25=0C80h-0CEFh -ASFR26=0D00h-0D6Fh -ASFR27=0D80h-0DEFh \
  -ASFR28=0E00h-0E6Fh -ASFR29=0E80h-0EEFh -ASFR30=0F00h-0F6Fh \
  -ASFR31=0F80h-0FEFh -preset_vec=00h,intentry=04h,init,end_init \
  -ppowerup=CODE -pcinit=CODE -pfunctab=ENTRY -ACONFIG=08007h-08008h \
  -pconfig=CONFIG -DCONFIG=2 -AIDLOC=08000h-08003h -pidloc=IDLOC -DIDLOC=2 \
  -DCODE=2 -DSTRCODE=2 -DSTRING=2 -DCONST=2 -DENTRY=2 -k \
  C:\Users\Jakob\AppData\Local\Temp\s28g.obj \
  dist/default/production\JakobSimon_Kanadaa.production.obj 

Object code version is 3.11

Machine type is 16F1519



                Name                               Link     Load   Length Selector   Space Scale
C:\Users\Jakob\AppData\Local\Temp\s28g.obj
                end_init                            19F      19F        2        8       0
                reset_vec                             0        0        2        0       0
                config                             8007     8007        2    1000E       0
dist/default/production\JakobSimon_Kanadaa.production.obj
                cinit                               1A1      1A1       46        8       0
                intentry                              4        4      19B        8       0
                text30                             1158     1158        5     22B0       0
                text29                             151D     151D       7C     2A3A       0
                text27                              804      804       45     1008       0
                text26                             14AF     14AF       6E     295E       0
                text25                             1179     1179       12     22F2       0
                text24                             11A6     11A6       3D     234C       0
                text23                             11E3     11E3       3D     23C6       0
                text22                             1599     1599       87     2B32       0
                text21                              849      849       C5     1092       0
                text20                             12BE     12BE       5F     257C       0
                text19                             131D     131D       5F     263A       0
                text18                                3        3        1        6       0
                text17                             137C     137C       65     26F8       0
                text16                             174C     174C       B4     2E98       0
                text15                             1620     1620       87     2C40       0
                text14                             118B     118B       1B     2316       0
                text13                              D02      D02      2FE     1A04       0
                text12                              AEB      AEB       FD     15D6       0
                text11                             126C     126C       52     24D8       0
                text10                              9F6      9F6       F5     13EC       0
                text9                               90E      90E       E8     121C       0
                text8                               BE8      BE8      11A     17D0       0
                text7                               1E7      1E7      36E        8       0
                text6                              1220     1220       4C     2440       0
                text5                              16A7     16A7       A5     2D4E       0
                text4                              1446     1446       69     288C       0
                text3                               555      555      154        8       0
                text2                              13E1     13E1       65     27C2       0
                text1                               7D0      7D0       21        8       0
                maintext                            6A9      6A9      127        8       0
                cstackBANK0                          20       20       34       20       1
                cstackCOMMON                         73       73        6       70       1
                cstackBANK1                          E1       E1        6       A0       1
                clrtext                            1162     1162        6     22C4       0
                inittext                           1168     1168        6     22D0       0
                dataBANK2                           134      134        B      120       1
                bssBANK2                            120      120       14      120       1
                dataBANK1                            E7       E7        5       A0       1
                bssBANK1                             A0       A0       41       A0       1
                dataBANK0                            62       62        E       20       1
                bssBANK0                             54       54        E       20       1
                dataCOMMON                           79       79        1       70       1
                bitbssCOMMON                        380       70       11       70       1     8
                stringtext3                        1802     1802        1     3000       0
                stringtext2                        1801     1801        1     3000       0
                stringtext1                        1800     1800        1     3000       0
                idataBANK2                         116E     116E        B     22DC       0
                idataBANK1                         115D     115D        5     22BA       0
                idataBANK0                          7F1      7F1        E        8       0
                idataCOMMON                         7FF      7FF        1        8       0

TOTAL           Name                               Link     Load   Length     Space
        CLASS   STACK          

        CLASS   CODE           
                end_init                            19F      19F        2         0
                cinit                               1A1      1A1       46         0
                intentry                              4        4      19B         0
                reset_vec                             0        0        2         0
                text30                             1158     1158        5         0
                text29                             151D     151D       7C         0
                text27                              804      804       45         0
                text26                             14AF     14AF       6E         0
                text25                             1179     1179       12         0
                text24                             11A6     11A6       3D         0
                text23                             11E3     11E3       3D         0
                text22                             1599     1599       87         0
                text21                              849      849       C5         0
                text20                             12BE     12BE       5F         0
                text19                             131D     131D       5F         0
                text18                                3        3        1         0
                text17                             137C     137C       65         0
                text16                             174C     174C       B4         0
                text15                             1620     1620       87         0
                text14                             118B     118B       1B         0
                text13                              D02      D02      2FE         0
                text12                              AEB      AEB       FD         0
                text11                             126C     126C       52         0
                text10                              9F6      9F6       F5         0
                text9                               90E      90E       E8         0
                text8                               BE8      BE8      11A         0
                text7                               1E7      1E7      36E         0
                text6                              1220     1220       4C         0
                text5                              16A7     16A7       A5         0
                text4                              1446     1446       69         0
                text3                               555      555      154         0
                text2                              13E1     13E1       65         0
                text1                               7D0      7D0       21         0
                maintext                            6A9      6A9      127         0
                clrtext                            1162     1162        6         0
                inittext                           1168     1168        6         0
                idataBANK2                         116E     116E        B         0
                idataBANK1                         115D     115D        5         0
                idataBANK0                          7F1      7F1        E         0
                idataCOMMON                         7FF      7FF        1         0

        CLASS   STRCODE        
                stringtext3                        1802     1802        1         0
                stringtext2                        1801     1801        1         0
                stringtext1                        1800     1800        1         0

        CLASS   STRING         

        CLASS   CONST          

        CLASS   ENTRY          

        CLASS   COMMON         
                cstackCOMMON                         73       73        6         1
                dataCOMMON                           79       79        1         1
                bitbssCOMMON                        380       70       11         1

        CLASS   BANK0          
                cstackBANK0                          20       20       34         1
                dataBANK0                            62       62        E         1
                bssBANK0                             54       54        E         1

        CLASS   BANK1          
                cstackBANK1                          E1       E1        6         1
                dataBANK1                            E7       E7        5         1
                bssBANK1                             A0       A0       41         1

        CLASS   BANK2          
                dataBANK2                           134      134        B         1
                bssBANK2                            120      120       14         1

        CLASS   BANK3          

        CLASS   BANK4          

        CLASS   BANK5          

        CLASS   BANK6          

        CLASS   BANK7          

        CLASS   BANK8          

        CLASS   BANK9          

        CLASS   BANK10         

        CLASS   BANK11         

        CLASS   BANK12         

        CLASS   BIGRAM         

        CLASS   RAM            

        CLASS   ABS1           
                abs_s1                               7E       7E        2         1

        CLASS   SFR0           

        CLASS   SFR1           

        CLASS   SFR2           

        CLASS   SFR3           

        CLASS   SFR4           

        CLASS   SFR5           

        CLASS   SFR6           

        CLASS   SFR7           

        CLASS   SFR8           

        CLASS   SFR9           

        CLASS   SFR10          

        CLASS   SFR11          

        CLASS   SFR12          

        CLASS   SFR13          

        CLASS   SFR14          

        CLASS   SFR15          

        CLASS   SFR16          

        CLASS   SFR17          

        CLASS   SFR18          

        CLASS   SFR19          

        CLASS   SFR20          

        CLASS   SFR21          

        CLASS   SFR22          

        CLASS   SFR23          

        CLASS   SFR24          

        CLASS   SFR25          

        CLASS   SFR26          

        CLASS   SFR27          

        CLASS   SFR28          

        CLASS   SFR29          

        CLASS   SFR30          

        CLASS   SFR31          

        CLASS   CONFIG         
                config                             8007     8007        2         0

        CLASS   IDLOC          

        CLASS   BANK31         

        CLASS   BANK30         

        CLASS   BANK29         

        CLASS   BANK28         

        CLASS   BANK27         

        CLASS   BANK26         

        CLASS   BANK25         

        CLASS   BANK24         

        CLASS   BANK23         

        CLASS   BANK22         

        CLASS   BANK21         

        CLASS   BANK20         

        CLASS   BANK19         

        CLASS   BANK18         

        CLASS   BANK17         

        CLASS   BANK16         

        CLASS   BANK15         

        CLASS   BANK14         

        CLASS   BANK13         

        CLASS   EEDATA         



SEGMENTS        Name                           Load    Length   Top    Selector   Space  Class     Delta

                reset_vec                      000000  000002  000002         0       0  CODE        2
                text18                         000003  000001  000004         6       0  CODE        2
                intentry                       000004  0007FC  000800         8       0  CODE        2
                cstackBANK0                    000020  000050  000070        20       1  BANK0       1
                bitbssCOMMON                   000070  00000A  00007A        70       1  COMMON      1
                bssBANK1                       0000A0  00004C  0000EC        A0       1  BANK1       1
                bssBANK2                       000120  00001F  00013F       120       1  BANK2       1
                text27                         000804  000045  000849      1008       0  CODE        2
                text21                         000849  0000C5  00090E      1092       0  CODE        2
                text9                          00090E  0000E8  0009F6      121C       0  CODE        2
                text10                         0009F6  0000F5  000AEB      13EC       0  CODE        2
                text12                         000AEB  0000FD  000BE8      15D6       0  CODE        2
                text8                          000BE8  00011A  000D02      17D0       0  CODE        2
                text13                         000D02  0002FE  001000      1A04       0  CODE        2
                text30                         001158  000005  00115D      22B0       0  CODE        2
                idataBANK1                     00115D  000005  001162      22BA       0  CODE        2
                clrtext                        001162  000006  001168      22C4       0  CODE        2
                inittext                       001168  000006  00116E      22D0       0  CODE        2
                idataBANK2                     00116E  00000B  001179      22DC       0  CODE        2
                text25                         001179  000012  00118B      22F2       0  CODE        2
                text14                         00118B  00001B  0011A6      2316       0  CODE        2
                text24                         0011A6  00003D  0011E3      234C       0  CODE        2
                text23                         0011E3  00003D  001220      23C6       0  CODE        2
                text6                          001220  00004C  00126C      2440       0  CODE        2
                text11                         00126C  000052  0012BE      24D8       0  CODE        2
                text20                         0012BE  00005F  00131D      257C       0  CODE        2
                text19                         00131D  00005F  00137C      263A       0  CODE        2
                text17                         00137C  000065  0013E1      26F8       0  CODE        2
                text2                          0013E1  000065  001446      27C2       0  CODE        2
                text4                          001446  000069  0014AF      288C       0  CODE        2
                text26                         0014AF  00006E  00151D      295E       0  CODE        2
                text29                         00151D  00007C  001599      2A3A       0  CODE        2
                text22                         001599  000087  001620      2B32       0  CODE        2
                text15                         001620  000087  0016A7      2C40       0  CODE        2
                text5                          0016A7  0000A5  00174C      2D4E       0  CODE        2
                text16                         00174C  0000B4  001800      2E98       0  CODE        2
                stringtext1                    001800  000003  001803      3000       0  STRCODE     2
                config                         008007  000002  008009     1000E       0  CONFIG      2


UNUSED ADDRESS RANGES

        Name                Unused          Largest block    Delta
        BANK1            000EC-000EF               4           1
        BANK10           00520-0056F              50           1
        BANK11           005A0-005EF              50           1
        BANK12           00620-0064F              30           1
        BANK2            0013F-0016F              31           1
        BANK3            001A0-001EF              50           1
        BANK4            00220-0026F              50           1
        BANK5            002A0-002EF              50           1
        BANK6            00320-0036F              50           1
        BANK7            003A0-003EF              50           1
        BANK8            00420-0046F              50           1
        BANK9            004A0-004EF              50           1
        BIGRAM           02000-023EF             3F0           1
        CODE             00002-00002               1           2
                         00800-00803               4
                         01000-01157             158
                         01803-03FFF             800
        COMMON           0007A-0007D               4           1
        CONST            00002-00002               1           2
                         00800-00803               4
                         01000-01157             100
                         01803-03FFF             100
        ENTRY            00002-00002               1           2
                         00800-00803               4
                         01000-01157             100
                         01803-03FFF             100
        IDLOC            08000-08003               4           2
        RAM              000EC-000EF               4           1
                         0013F-0016F              31
                         001A0-001EF              50
                         00220-0026F              50
                         002A0-002EF              50
                         00320-0036F              50
                         003A0-003EF              50
                         00420-0046F              50
                         004A0-004EF              50
                         00520-0056F              50
                         005A0-005EF              50
                         00620-0064F              30
        SFR0             00000-0001F              20           1
        SFR1             00080-0009F              20           1
        SFR10            00500-0051F              20           1
        SFR11            00580-0059F              20           1
        SFR12            00600-0061F              20           1
        SFR13            00680-006EF              70           1
        SFR14            00700-0076F              70           1
        SFR15            00780-007EF              70           1
        SFR16            00800-0086F              70           1
        SFR17            00880-008EF              70           1
        SFR18            00900-0096F              70           1
        SFR19            00980-009EF              70           1
        SFR2             00100-0011F              20           1
        SFR20            00A00-00A6F              70           1
        SFR21            00A80-00AEF              70           1
        SFR22            00B00-00B6F              70           1
        SFR23            00B80-00BEF              70           1
        SFR24            00C00-00C6F              70           1
        SFR25            00C80-00CEF              70           1
        SFR26            00D00-00D6F              70           1
        SFR27            00D80-00DEF              70           1
        SFR28            00E00-00E6F              70           1
        SFR29            00E80-00EEF              70           1
        SFR3             00180-0019F              20           1
        SFR30            00F00-00F6F              70           1
        SFR31            00F80-00FEF              70           1
        SFR4             00200-0021F              20           1
        SFR5             00280-0029F              20           1
        SFR6             00300-0031F              20           1
        SFR7             00380-0039F              20           1
        SFR8             00400-0041F              20           1
        SFR9             00480-0049F              20           1
        STACK            020BF-023EF             331           1
        STRCODE          00002-00002               1           2
                         00800-00803               4
                         01000-01157             158
                         01803-03FFF            27FD
        STRING           00002-00002               1           2
                         00800-00803               4
                         01000-01157             100
                         01803-03FFF             100

                                  Symbol Table

?___awdiv                                             cstackBANK0  00020
?___ftmul                                             cstackBANK0  0002F
?___ftpack                                            cstackBANK0  00020
?___fttol                                             cstackBANK0  0003F
?___lbtoft                                            cstackBANK0  00028
Strecke_fahren@Direction                              cstackCOMMON 00077
Strecke_fahren@Length                                 cstackCOMMON 00078
Werte_auf_LCD_anzeigen@i                              cstackCOMMON 00078
_ACKDT                                                (abs)        010B5
_ACKEN                                                (abs)        010B4
_ADCON0                                               (abs)        0009D
_ADCON1                                               (abs)        0009E
_ADIE                                                 (abs)        0048E
_ADRESH                                               (abs)        0009C
_ANSELA                                               (abs)        0018C
_ANSELB                                               (abs)        0018D
_ANSELC                                               (abs)        0018E
_ANSELD                                               (abs)        0018F
_ANSELE                                               (abs)        00190
_A_D_Wert                                             bssBANK1     000A0
_Ausrichten_Fahren                                    dataBANK0    0006A
_Ausrichten_Stopp                                     dataBANK0    00069
_BCLIF                                                (abs)        00093
_CCP1CON                                              (abs)        00293
_CCP2CON                                              (abs)        0029A
_CCPR1L                                               (abs)        00291
_CCPR2L                                               (abs)        00298
_Channel                                              dataBANK2    00134
_Channel_Index                                        bssBANK0     0005C
_Count                                                bssBANK0     00059
_Datum1_an_Letter                                     bssBANK1     000DE
_Datum2_an_Letter                                     bssBANK1     000DD
_Datum_R                                              bssBANK1     000BC
_Datum_S                                              bssBANK2     00120
_Encoder                                              bssBANK0     00056
_Flag_Hindernis                                       bitbssCOMMON 00385
_Flag_LED                                             bitbssCOMMON 0038C
_Flag_Strecke_erreicht                                bitbssCOMMON 00381
_Flag_Strecke_messen                                  bitbssCOMMON 00380
_Flag_T_links                                         bitbssCOMMON 00384
_Flag_T_rechts                                        bitbssCOMMON 00383
_Flag_kalibrieren                                     bitbssCOMMON 0038D
_GIE                                                  (abs)        0005F
_GO_nDONE                                             (abs)        004E9
_I2C_Add                                              bssBANK0     00061
_I2C_Count                                            bssBANK0     0005A
_I2C_Index_R                                          bssBANK1     000DF
_I2C_Index_w                                          bssBANK0     0005B
_I2C_Read                                             bitbssCOMMON 0038E
_I2C_Write                                            bitbssCOMMON 0038F
_INTCON                                               (abs)        0000B
_INTE                                                 (abs)        0005C
_IOCBF                                                (abs)        00396
_IOCBF0                                               (abs)        01CB0
_IOCBN                                                (abs)        00395
_IOCBP                                                (abs)        00394
_IOCIE                                                (abs)        0005B
_IOCIF                                                (abs)        00058
_Interrupt                                            intentry     00004
_LATA                                                 (abs)        0010C
_LATA4                                                (abs)        00864
_LATB                                                 (abs)        0010D
_LATC                                                 (abs)        0010E
_LATD                                                 (abs)        0010F
_LATD5                                                (abs)        0087D
_LATE                                                 (abs)        00110
_MLX_Slave                                            stringtext3  01802
_MLX_Slave_toggel                                     bitbssCOMMON 00390
_MLX_read                                             text29       0151D
_OPTION_REG                                           (abs)        00095
_PEN                                                  (abs)        010B2
_PIC_Letter_1                                         stringtext1  01800
_PIC_Slave                                            stringtext2  01801
_PIE1                                                 (abs)        00091
_PIE2                                                 (abs)        00092
_PIR1                                                 (abs)        00011
_PIR2                                                 (abs)        00012
_PORTA                                                (abs)        0000C
_PORTB                                                (abs)        0000D
_PORTC                                                (abs)        0000E
_PORTD                                                (abs)        0000F
_PORTE                                                (abs)        00010
_PR2                                                  (abs)        0001B
_Power_Ausrichten                                     text18       00003
_RB1                                                  (abs)        00069
_RCEN                                                 (abs)        010B3
_RD4                                                  (abs)        0007C
_RSEN                                                 (abs)        010B1
_Register_R                                           bssBANK1     000C1
_Register_R_MLX                                       dataBANK0    0006F
_Register_S                                           bssBANK1     000DC
_SEN                                                  (abs)        010B0
_SSPADD                                               (abs)        00212
_SSPBUF                                               (abs)        00211
_SSPCON1                                              (abs)        00215
_SSPIE                                                (abs)        0048B
_SSPIF                                                (abs)        0008B
_SSPSTAT                                              (abs)        00214
_Schwellwert_Ausrichten                               dataBANK0    00068
_Schwellwert_Omni                                     dataBANK0    00067
_Strecke                                              bssBANK1     000BF
_Strecke_fahren                                       text25       01179
_T1CON                                                (abs)        00018
_T1GCON                                               (abs)        00019
_T2CON                                                (abs)        0001C
_TMR0                                                 (abs)        00015
_TMR0IE                                               (abs)        0005D
_TMR0IF                                               (abs)        0005A
_TMR1                                                 (abs)        00016
_TMR1IE                                               (abs)        00488
_TMR1IF                                               (abs)        00088
_TRISA                                                (abs)        0008C
_TRISB                                                (abs)        0008D
_TRISC                                                (abs)        0008E
_TRISD                                                (abs)        0008F
_TRISE                                                (abs)        00090
_Temperatur_HI_links                                  bssBANK0     0005D
_Temperatur_HI_rechts                                 bssBANK0     0005E
_Temperatur_LO_links                                  bssBANK0     0005F
_Temperatur_LO_rechts                                 bssBANK0     00060
_Tick                                                 bssBANK1     000CD
_VAR_Schwarz_ausrichten                               bssBANK1     000D7
_VAR_aus_zeit                                         bssBANK0     00054
_VAR_bis_wand_zeit                                    bssBANK1     000D6
_VAR_im_Kreis_faren                                   bssBANK1     000D4
_VAR_links_ist_nichts                                 bssBANK1     000D3
_VAR_omni                                             dataBANK1    000EA
_VAR_von_mitte_bis_wieder_wand                        bitbssCOMMON 0038A
_VAR_zeit_opfer                                       bssBANK1     000C9
_Var_lang_Ausrichten                                  bssBANK1     000D5
_WPUB                                                 (abs)        0020D
_Waerme_links                                         dataBANK0    00064
_Waerme_rechts                                        dataBANK0    00063
_Werte_auf_LCD_anzeigen                               text27       00804
__CFG_BOREN$OFF                                       (abs)        00000
__CFG_BORV$LO                                         (abs)        00000
__CFG_CLKOUTEN$OFF                                    (abs)        00000
__CFG_CP$OFF                                          (abs)        00000
__CFG_FCMEN$OFF                                       (abs)        00000
__CFG_FOSC$HS                                         (abs)        00000
__CFG_IESO$OFF                                        (abs)        00000
__CFG_LPBOR$OFF                                       (abs)        00000
__CFG_LVP$OFF                                         (abs)        00000
__CFG_MCLRE$ON                                        (abs)        00000
__CFG_PWRTE$ON                                        (abs)        00000
__CFG_STVREN$OFF                                      (abs)        00000
__CFG_VCAPEN$OFF                                      (abs)        00000
__CFG_WDTE$OFF                                        (abs)        00000
__CFG_WRT$OFF                                         (abs)        00000
__Habs1                                               abs1         00000
__Hbank0                                              bank0        00000
__Hbank1                                              bank1        00000
__Hbank10                                             bank10       00000
__Hbank11                                             bank11       00000
__Hbank12                                             bank12       00000
__Hbank13                                             bank13       00000
__Hbank14                                             bank14       00000
__Hbank15                                             bank15       00000
__Hbank16                                             bank16       00000
__Hbank17                                             bank17       00000
__Hbank18                                             bank18       00000
__Hbank19                                             bank19       00000
__Hbank2                                              bank2        00000
__Hbank20                                             bank20       00000
__Hbank21                                             bank21       00000
__Hbank22                                             bank22       00000
__Hbank23                                             bank23       00000
__Hbank24                                             bank24       00000
__Hbank25                                             bank25       00000
__Hbank26                                             bank26       00000
__Hbank27                                             bank27       00000
__Hbank28                                             bank28       00000
__Hbank29                                             bank29       00000
__Hbank3                                              bank3        00000
__Hbank30                                             bank30       00000
__Hbank31                                             bank31       00000
__Hbank4                                              bank4        00000
__Hbank5                                              bank5        00000
__Hbank6                                              bank6        00000
__Hbank7                                              bank7        00000
__Hbank8                                              bank8        00000
__Hbank9                                              bank9        00000
__Hbigram                                             bigram       00000
__HbitbssCOMMON                                       bitbssCOMMON 00000
__HbssBANK0                                           bssBANK0     00000
__HbssBANK1                                           bssBANK1     00000
__HbssBANK2                                           bssBANK2     00000
__Hcinit                                              cinit        001E7
__Hclrtext                                            clrtext      00000
__Hcode                                               code         00000
__Hcommon                                             common       00000
__Hconfig                                             config       08009
__HcstackBANK0                                        cstackBANK0  00000
__HcstackBANK1                                        cstackBANK1  00000
__HcstackCOMMON                                       cstackCOMMON 00000
__HdataBANK0                                          dataBANK0    00000
__HdataBANK1                                          dataBANK1    00000
__HdataBANK2                                          dataBANK2    00000
__HdataCOMMON                                         dataCOMMON   00000
__Heeprom_data                                        eeprom_data  00000
__Hend_init                                           end_init     001A1
__Hfunctab                                            functab      00000
__HidataBANK0                                         idataBANK0   00000
__HidataBANK1                                         idataBANK1   00000
__HidataBANK2                                         idataBANK2   00000
__HidataCOMMON                                        idataCOMMON  00000
__Hidloc                                              idloc        00000
__Hinit                                               init         0019F
__Hinittext                                           inittext     00000
__Hintentry                                           intentry     0019F
__Hmaintext                                           maintext     00000
__Hpowerup                                            powerup      00000
__Hram                                                ram          00000
__Hreset_vec                                          reset_vec    00002
__Hsfr0                                               sfr0         00000
__Hsfr1                                               sfr1         00000
__Hsfr10                                              sfr10        00000
__Hsfr11                                              sfr11        00000
__Hsfr12                                              sfr12        00000
__Hsfr13                                              sfr13        00000
__Hsfr14                                              sfr14        00000
__Hsfr15                                              sfr15        00000
__Hsfr16                                              sfr16        00000
__Hsfr17                                              sfr17        00000
__Hsfr18                                              sfr18        00000
__Hsfr19                                              sfr19        00000
__Hsfr2                                               sfr2         00000
__Hsfr20                                              sfr20        00000
__Hsfr21                                              sfr21        00000
__Hsfr22                                              sfr22        00000
__Hsfr23                                              sfr23        00000
__Hsfr24                                              sfr24        00000
__Hsfr25                                              sfr25        00000
__Hsfr26                                              sfr26        00000
__Hsfr27                                              sfr27        00000
__Hsfr28                                              sfr28        00000
__Hsfr29                                              sfr29        00000
__Hsfr3                                               sfr3         00000
__Hsfr30                                              sfr30        00000
__Hsfr31                                              sfr31        00000
__Hsfr4                                               sfr4         00000
__Hsfr5                                               sfr5         00000
__Hsfr6                                               sfr6         00000
__Hsfr7                                               sfr7         00000
__Hsfr8                                               sfr8         00000
__Hsfr9                                               sfr9         00000
__Hspace_0                                            (abs)        08009
__Hspace_1                                            (abs)        00391
__Hspace_2                                            (abs)        00000
__Hspace_3                                            (abs)        00000
__Hstack                                              stack        00000
__Hstrings                                            strings      00000
__Hstringtext1                                        stringtext1  00000
__Hstringtext2                                        stringtext2  00000
__Hstringtext3                                        stringtext3  00000
__Htext                                               text         00000
__Labs1                                               abs1         00000
__Lbank0                                              bank0        00000
__Lbank1                                              bank1        00000
__Lbank10                                             bank10       00000
__Lbank11                                             bank11       00000
__Lbank12                                             bank12       00000
__Lbank13                                             bank13       00000
__Lbank14                                             bank14       00000
__Lbank15                                             bank15       00000
__Lbank16                                             bank16       00000
__Lbank17                                             bank17       00000
__Lbank18                                             bank18       00000
__Lbank19                                             bank19       00000
__Lbank2                                              bank2        00000
__Lbank20                                             bank20       00000
__Lbank21                                             bank21       00000
__Lbank22                                             bank22       00000
__Lbank23                                             bank23       00000
__Lbank24                                             bank24       00000
__Lbank25                                             bank25       00000
__Lbank26                                             bank26       00000
__Lbank27                                             bank27       00000
__Lbank28                                             bank28       00000
__Lbank29                                             bank29       00000
__Lbank3                                              bank3        00000
__Lbank30                                             bank30       00000
__Lbank31                                             bank31       00000
__Lbank4                                              bank4        00000
__Lbank5                                              bank5        00000
__Lbank6                                              bank6        00000
__Lbank7                                              bank7        00000
__Lbank8                                              bank8        00000
__Lbank9                                              bank9        00000
__Lbigram                                             bigram       00000
__LbitbssCOMMON                                       bitbssCOMMON 00000
__LbssBANK0                                           bssBANK0     00000
__LbssBANK1                                           bssBANK1     00000
__LbssBANK2                                           bssBANK2     00000
__Lcinit                                              cinit        001A1
__Lclrtext                                            clrtext      00000
__Lcode                                               code         00000
__Lcommon                                             common       00000
__Lconfig                                             config       08007
__LcstackBANK0                                        cstackBANK0  00000
__LcstackBANK1                                        cstackBANK1  00000
__LcstackCOMMON                                       cstackCOMMON 00000
__LdataBANK0                                          dataBANK0    00000
__LdataBANK1                                          dataBANK1    00000
__LdataBANK2                                          dataBANK2    00000
__LdataCOMMON                                         dataCOMMON   00000
__Leeprom_data                                        eeprom_data  00000
__Lend_init                                           end_init     0019F
__Lfunctab                                            functab      00000
__LidataBANK0                                         idataBANK0   00000
__LidataBANK1                                         idataBANK1   00000
__LidataBANK2                                         idataBANK2   00000
__LidataCOMMON                                        idataCOMMON  00000
__Lidloc                                              idloc        00000
__Linit                                               init         0019F
__Linittext                                           inittext     00000
__Lintentry                                           intentry     00004
__Lmaintext                                           maintext     00000
__Lpowerup                                            powerup      00000
__Lram                                                ram          00000
__Lreset_vec                                          reset_vec    00000
__Lsfr0                                               sfr0         00000
__Lsfr1                                               sfr1         00000
__Lsfr10                                              sfr10        00000
__Lsfr11                                              sfr11        00000
__Lsfr12                                              sfr12        00000
__Lsfr13                                              sfr13        00000
__Lsfr14                                              sfr14        00000
__Lsfr15                                              sfr15        00000
__Lsfr16                                              sfr16        00000
__Lsfr17                                              sfr17        00000
__Lsfr18                                              sfr18        00000
__Lsfr19                                              sfr19        00000
__Lsfr2                                               sfr2         00000
__Lsfr20                                              sfr20        00000
__Lsfr21                                              sfr21        00000
__Lsfr22                                              sfr22        00000
__Lsfr23                                              sfr23        00000
__Lsfr24                                              sfr24        00000
__Lsfr25                                              sfr25        00000
__Lsfr26                                              sfr26        00000
__Lsfr27                                              sfr27        00000
__Lsfr28                                              sfr28        00000
__Lsfr29                                              sfr29        00000
__Lsfr3                                               sfr3         00000
__Lsfr30                                              sfr30        00000
__Lsfr31                                              sfr31        00000
__Lsfr4                                               sfr4         00000
__Lsfr5                                               sfr5         00000
__Lsfr6                                               sfr6         00000
__Lsfr7                                               sfr7         00000
__Lsfr8                                               sfr8         00000
__Lsfr9                                               sfr9         00000
__Lspace_0                                            (abs)        00000
__Lspace_1                                            (abs)        00000
__Lspace_2                                            (abs)        00000
__Lspace_3                                            (abs)        00000
__Lstack                                              stack        00000
__Lstrings                                            strings      00000
__Lstringtext1                                        stringtext1  00000
__Lstringtext2                                        stringtext2  00000
__Lstringtext3                                        stringtext3  00000
__Ltext                                               text         00000
__S0                                                  (abs)        08009
__S1                                                  (abs)        0013F
__S2                                                  (abs)        00000
___awdiv                                              text11       0126C
___awdiv@counter                                      cstackBANK0  00024
___awdiv@dividend                                     cstackBANK0  00022
___awdiv@divisor                                      cstackBANK0  00020
___awdiv@quotient                                     cstackBANK0  00026
___awdiv@sign                                         cstackBANK0  00025
___ftmul                                              text16       0174C
___ftmul@cntr                                         cstackBANK0  0003D
___ftmul@exp                                          cstackBANK0  00039
___ftmul@f1                                           cstackBANK0  0002F
___ftmul@f2                                           cstackBANK0  00032
___ftmul@f3_as_product                                cstackBANK0  0003A
___ftmul@sign                                         cstackBANK0  0003E
___ftpack                                             text17       0137C
___ftpack@arg                                         cstackBANK0  00020
___ftpack@exp                                         cstackBANK0  00023
___ftpack@sign                                        cstackBANK0  00024
___fttol                                              text15       01620
___fttol@exp1                                         cstackBANK0  0004C
___fttol@f1                                           cstackBANK0  0003F
___fttol@lval                                         cstackBANK0  00048
___fttol@sign1                                        cstackBANK0  00047
___int_sp                                             stack        00000
___latbits                                            (abs)        00003
___lbtoft                                             text14       0118B
___lbtoft@c                                           cstackCOMMON 00077
___sp                                                 stack        00000
__end_of_Interrupt                                    intentry     0019F
__end_of_MLX_Slave                                    stringtext3  01803
__end_of_MLX_read                                     text29       01599
__end_of_PIC_Letter_1                                 stringtext1  01801
__end_of_PIC_Slave                                    stringtext2  01802
__end_of_Power_Ausrichten                             text18       00004
__end_of_Strecke_fahren                               text25       0118B
__end_of_Werte_auf_LCD_anzeigen                       text27       00849
__end_of___awdiv                                      text11       012BE
__end_of___ftmul                                      text16       01800
__end_of___ftpack                                     text17       013E1
__end_of___fttol                                      text15       016A7
__end_of___lbtoft                                     text14       011A6
__end_of__initialization                              cinit        001E3
__end_of_anderwandlang                                text21       0090E
__end_of_ausrichten                                   text6        0126C
__end_of_hindernis                                    text5        0174C
__end_of_hinten_ausrichten                            text13       01000
__end_of_im_Kreis_faren                               text20       0131D
__end_of_init                                         text19       0137C
__end_of_kit_abwerfen                                 text26       0151D
__end_of_links90grad                                  text24       011E3
__end_of_links_ausrichten                             text12       00BE8
__end_of_main                                         maintext     007D0
__end_of_omnifakelinks                                text10       00AEB
__end_of_omnifakerechts                               text9        009F6
__end_of_opfer                                        text22       01620
__end_of_rechts90grad                                 text23       01220
__end_of_rechts_ausrichten                            text8        00D02
__end_of_schwarzeplatte                               text3        006A9
__end_of_von_mitte_bis_wieder_wand                    text2        01446
__end_of_von_mitte_bis_wieder_wand_in_schwarzeplatte  text4        014AF
__end_of_von_sensor_VR_bis_mitte                      text1        007F1
__end_of_vorne_ausrichten                             text7        00555
__end_of_warten_auf_SSP_flag                          text30       0115D
__initialization                                      cinit        001A1
__pbitbssCOMMON                                       bitbssCOMMON 00380
__pbssBANK0                                           bssBANK0     00054
__pbssBANK1                                           bssBANK1     000A0
__pbssBANK2                                           bssBANK2     00120
__pcstackBANK0                                        cstackBANK0  00020
__pcstackBANK1                                        cstackBANK1  000E1
__pcstackCOMMON                                       cstackCOMMON 00073
__pdataBANK0                                          dataBANK0    00062
__pdataBANK1                                          dataBANK1    000E7
__pdataBANK2                                          dataBANK2    00134
__pdataCOMMON                                         dataCOMMON   00079
__pidataBANK0                                         idataBANK0   007F1
__pidataBANK1                                         idataBANK1   0115D
__pidataBANK2                                         idataBANK2   0116E
__pidataCOMMON                                        idataCOMMON  007FF
__pintentry                                           intentry     00004
__pmaintext                                           maintext     006A9
__pstringtext1                                        stringtext1  01800
__pstringtext2                                        stringtext2  01801
__pstringtext3                                        stringtext3  01802
__ptext1                                              text1        007D0
__ptext10                                             text10       009F6
__ptext11                                             text11       0126C
__ptext12                                             text12       00AEB
__ptext13                                             text13       00D02
__ptext14                                             text14       0118B
__ptext15                                             text15       01620
__ptext16                                             text16       0174C
__ptext17                                             text17       0137C
__ptext18                                             text18       00003
__ptext19                                             text19       0131D
__ptext2                                              text2        013E1
__ptext20                                             text20       012BE
__ptext21                                             text21       00849
__ptext22                                             text22       01599
__ptext23                                             text23       011E3
__ptext24                                             text24       011A6
__ptext25                                             text25       01179
__ptext26                                             text26       014AF
__ptext27                                             text27       00804
__ptext29                                             text29       0151D
__ptext3                                              text3        00555
__ptext30                                             text30       01158
__ptext4                                              text4        01446
__ptext5                                              text5        016A7
__ptext6                                              text6        01220
__ptext7                                              text7        001E7
__ptext8                                              text8        00BE8
__ptext9                                              text9        0090E
__size_of_Interrupt                                   (abs)        00000
__size_of_MLX_read                                    (abs)        00000
__size_of_Power_Ausrichten                            (abs)        00000
__size_of_Strecke_fahren                              (abs)        00000
__size_of_Werte_auf_LCD_anzeigen                      (abs)        00000
__size_of___awdiv                                     (abs)        00000
__size_of___ftmul                                     (abs)        00000
__size_of___ftpack                                    (abs)        00000
__size_of___fttol                                     (abs)        00000
__size_of___lbtoft                                    (abs)        00000
__size_of_anderwandlang                               (abs)        00000
__size_of_ausrichten                                  (abs)        00000
__size_of_hindernis                                   (abs)        00000
__size_of_hinten_ausrichten                           (abs)        00000
__size_of_im_Kreis_faren                              (abs)        00000
__size_of_init                                        (abs)        00000
__size_of_kit_abwerfen                                (abs)        00000
__size_of_links90grad                                 (abs)        00000
__size_of_links_ausrichten                            (abs)        00000
__size_of_main                                        (abs)        00000
__size_of_omnifakelinks                               (abs)        00000
__size_of_omnifakerechts                              (abs)        00000
__size_of_opfer                                       (abs)        00000
__size_of_rechts90grad                                (abs)        00000
__size_of_rechts_ausrichten                           (abs)        00000
__size_of_schwarzeplatte                              (abs)        00000
__size_of_von_mitte_bis_wieder_wand                   (abs)        00000
__size_of_von_mitte_bis_wieder_wand_in_schwarzeplatte (abs)        00000
__size_of_von_sensor_VR_bis_mitte                     (abs)        00000
__size_of_vorne_ausrichten                            (abs)        00000
__size_of_warten_auf_SSP_flag                         (abs)        00000
_anderwandlang                                        text21       00849
_ausrichten                                           text6        01220
_encodersave                                          bssBANK1     000D0
_grad_90_1                                            dataBANK0    0006E
_grad_90_2                                            dataBANK0    0006D
_grad_90links_1                                       dataBANK0    0006C
_grad_90links_2                                       dataBANK0    0006B
_hindernis                                            text5        016A7
_hinten_ausrichten                                    text13       00D02
_im_Kreis_faren                                       text20       012BE
_init                                                 text19       0131D
_junk                                                 bssBANK1     000E0
_kit_abwerfen                                         text26       014AF
_links90grad                                          text24       011A6
_links_ausrichten                                     text12       00AEB
_m                                                    bssBANK0     00058
_main                                                 maintext     006A9
_n                                                    bssBANK0     00057
_n_US                                                 bssBANK1     000DB
_nicht_rechts                                         bitbssCOMMON 00382
_omnifakelinks                                        text10       009F6
_omnifakerechts                                       text9        0090E
_opfer                                                text22       01599
_rechts90grad                                         text23       011E3
_rechts_ausrichten                                    text8        00BE8
_schwarz                                              dataBANK0    00062
_schwarzeplatte                                       text3        00555
_von_mitte_bis_wieder_wand                            text2        013E1
_von_mitte_bis_wieder_wand_in_schwarzeplatte          text4        01446
_von_sensor_VR_bis_mitte                              text1        007D0
_vorne_ausrichten                                     text7        001E7
_wand                                                 dataCOMMON   00079
_warten_auf_SSP_flag                                  text30       01158
_zunah                                                dataBANK0    00065
_zuweit                                               dataBANK0    00066
btemp                                                 (abs)        0007E
clear_ram0                                            clrtext      01162
end_of_initialization                                 cinit        001E3
init_ram                                              inittext     01168
int$flags                                             (abs)        0007E
intlevel0                                             functab      00000
intlevel1                                             functab      00000
intlevel2                                             functab      00000
intlevel3                                             functab      00000
intlevel4                                             functab      00000
intlevel5                                             functab      00000
kit_abwerfen@i                                        cstackBANK0  00020
kit_abwerfen@i_278                                    cstackBANK0  00021
kit_abwerfen@i_279                                    cstackBANK0  00022
reset_vec                                             reset_vec    00000
stackhi                                               (abs)        023EF
stacklo                                               (abs)        020BF
start                                                 init         0019F
start_initialization                                  cinit        001A1
wtemp0                                                (abs)        0007E


FUNCTION INFORMATION:

 *************** function _main *****************
 Defined at:
		line 207 in file "PGM_5.c"
 Parameters:    Size  Location     Type
		None
 Auto vars:     Size  Location     Type
		None
 Return value:  Size  Location     Type
                  1    wreg      void 
 Registers used:
		wreg, fsr1l, fsr1h, status,2, status,0, pclath, cstack
 Tracked objects:
		On entry : 
		On exit  : 
		Unchanged: 
 Data sizes:     COMMON   BANK0   BANK1   BANK2   BANK3   BANK4   BANK5   BANK6   BANK7   BANK8   BANK9  BANK10  BANK11  BANK12
      Params:         0       0       0       0       0       0       0       0       0       0       0       0       0       0
      Locals:         0       0       0       0       0       0       0       0       0       0       0       0       0       0
      Temps:          0       0       2       0       0       0       0       0       0       0       0       0       0       0
      Totals:         0       0       2       0       0       0       0       0       0       0       0       0       0       0
Total ram usage:        2 bytes
 Hardware stack levels required when called:   10
 This function calls:
		_Strecke_fahren
		_Werte_auf_LCD_anzeigen
		_anderwandlang
		_ausrichten
		_hindernis
		_im_Kreis_faren
		_init
		_kit_abwerfen
		_links90grad
		_opfer
		_rechts90grad
		_schwarzeplatte
		_von_mitte_bis_wieder_wand
		_von_sensor_VR_bis_mitte
 This function is called by:
		Startup code after reset
 This function uses a non-reentrant model


 *************** function _von_sensor_VR_bis_mitte *****************
 Defined at:
		line 339 in file "PGM_5.c"
 Parameters:    Size  Location     Type
		None
 Auto vars:     Size  Location     Type
		None
 Return value:  Size  Location     Type
                  1    wreg      void 
 Registers used:
		wreg, status,2, status,0, pclath, cstack
 Tracked objects:
		On entry : 
		On exit  : 
		Unchanged: 
 Data sizes:     COMMON   BANK0   BANK1   BANK2   BANK3   BANK4   BANK5   BANK6   BANK7   BANK8   BANK9  BANK10  BANK11  BANK12
      Params:         0       0       0       0       0       0       0       0       0       0       0       0       0       0
      Locals:         0       0       0       0       0       0       0       0       0       0       0       0       0       0
      Temps:          0       1       0       0       0       0       0       0       0       0       0       0       0       0
      Totals:         0       1       0       0       0       0       0       0       0       0       0       0       0       0
Total ram usage:        1 bytes
 Hardware stack levels used:    1
 Hardware stack levels required when called:    9
 This function calls:
		_Strecke_fahren
		_hindernis
		_opfer
		_schwarzeplatte
 This function is called by:
		_main
 This function uses a non-reentrant model


 *************** function _von_mitte_bis_wieder_wand *****************
 Defined at:
		line 349 in file "PGM_5.c"
 Parameters:    Size  Location     Type
		None
 Auto vars:     Size  Location     Type
		None
 Return value:  Size  Location     Type
                  1    wreg      void 
 Registers used:
		wreg, status,2, status,0, pclath, cstack
 Tracked objects:
		On entry : 
		On exit  : 
		Unchanged: 
 Data sizes:     COMMON   BANK0   BANK1   BANK2   BANK3   BANK4   BANK5   BANK6   BANK7   BANK8   BANK9  BANK10  BANK11  BANK12
      Params:         0       0       0       0       0       0       0       0       0       0       0       0       0       0
      Locals:         0       0       0       0       0       0       0       0       0       0       0       0       0       0
      Temps:          0       0       2       0       0       0       0       0       0       0       0       0       0       0
      Totals:         0       0       2       0       0       0       0       0       0       0       0       0       0       0
Total ram usage:        2 bytes
 Hardware stack levels used:    1
 Hardware stack levels required when called:    9
 This function calls:
		_hindernis
		_opfer
		_schwarzeplatte
 This function is called by:
		_main
 This function uses a non-reentrant model


 *************** function _schwarzeplatte *****************
 Defined at:
		line 724 in file "PGM_5.c"
 Parameters:    Size  Location     Type
		None
 Auto vars:     Size  Location     Type
		None
 Return value:  Size  Location     Type
                  1    wreg      void 
 Registers used:
		wreg, status,2, status,0, pclath, cstack
 Tracked objects:
		On entry : 
		On exit  : 
		Unchanged: 
 Data sizes:     COMMON   BANK0   BANK1   BANK2   BANK3   BANK4   BANK5   BANK6   BANK7   BANK8   BANK9  BANK10  BANK11  BANK12
      Params:         0       0       0       0       0       0       0       0       0       0       0       0       0       0
      Locals:         0       0       0       0       0       0       0       0       0       0       0       0       0       0
      Temps:          0       0       2       0       0       0       0       0       0       0       0       0       0       0
      Totals:         0       0       2       0       0       0       0       0       0       0       0       0       0       0
Total ram usage:        2 bytes
 Hardware stack levels used:    1
 Hardware stack levels required when called:    8
 This function calls:
		_Strecke_fahren
		_ausrichten
		_links90grad
		_opfer
		_von_mitte_bis_wieder_wand_in_schwarzeplatte
 This function is called by:
		_main
		_von_sensor_VR_bis_mitte
		_von_mitte_bis_wieder_wand
		_cm_fahren
 This function uses a non-reentrant model


 *************** function _von_mitte_bis_wieder_wand_in_schwarzeplatte *****************
 Defined at:
		line 383 in file "PGM_5.c"
 Parameters:    Size  Location     Type
		None
 Auto vars:     Size  Location     Type
		None
 Return value:  Size  Location     Type
                  1    wreg      void 
 Registers used:
		wreg, status,2, status,0, pclath, cstack
 Tracked objects:
		On entry : 
		On exit  : 
		Unchanged: 
 Data sizes:     COMMON   BANK0   BANK1   BANK2   BANK3   BANK4   BANK5   BANK6   BANK7   BANK8   BANK9  BANK10  BANK11  BANK12
      Params:         0       0       0       0       0       0       0       0       0       0       0       0       0       0
      Locals:         0       0       0       0       0       0       0       0       0       0       0       0       0       0
      Temps:          0       2       0       0       0       0       0       0       0       0       0       0       0       0
      Totals:         0       2       0       0       0       0       0       0       0       0       0       0       0       0
Total ram usage:        2 bytes
 Hardware stack levels used:    1
 Hardware stack levels required when called:    6
 This function calls:
		_Strecke_fahren
		_hindernis
		_opfer
 This function is called by:
		_schwarzeplatte
 This function uses a non-reentrant model


 *************** function _hindernis *****************
 Defined at:
		line 796 in file "PGM_5.c"
 Parameters:    Size  Location     Type
		None
 Auto vars:     Size  Location     Type
		None
 Return value:  Size  Location     Type
                  1    wreg      void 
 Registers used:
		wreg, status,2, status,0
 Tracked objects:
		On entry : 
		On exit  : 
		Unchanged: 
 Data sizes:     COMMON   BANK0   BANK1   BANK2   BANK3   BANK4   BANK5   BANK6   BANK7   BANK8   BANK9  BANK10  BANK11  BANK12
      Params:         0       0       0       0       0       0       0       0       0       0       0       0       0       0
      Locals:         0       0       0       0       0       0       0       0       0       0       0       0       0       0
      Temps:          2       0       0       0       0       0       0       0       0       0       0       0       0       0
      Totals:         2       0       0       0       0       0       0       0       0       0       0       0       0       0
Total ram usage:        2 bytes
 Hardware stack levels used:    1
 Hardware stack levels required when called:    3
 This function calls:
		Nothing
 This function is called by:
		_main
		_von_sensor_VR_bis_mitte
		_von_mitte_bis_wieder_wand
		_von_mitte_bis_wieder_wand_in_schwarzeplatte
 This function uses a non-reentrant model


 *************** function _ausrichten *****************
 Defined at:
		line 870 in file "PGM_5.c"
 Parameters:    Size  Location     Type
		None
 Auto vars:     Size  Location     Type
		None
 Return value:  Size  Location     Type
                  1    wreg      void 
 Registers used:
		wreg, status,2, status,0, pclath, cstack
 Tracked objects:
		On entry : 
		On exit  : 
		Unchanged: 
 Data sizes:     COMMON   BANK0   BANK1   BANK2   BANK3   BANK4   BANK5   BANK6   BANK7   BANK8   BANK9  BANK10  BANK11  BANK12
      Params:         0       0       0       0       0       0       0       0       0       0       0       0       0       0
      Locals:         0       0       0       0       0       0       0       0       0       0       0       0       0       0
      Temps:          0       2       0       0       0       0       0       0       0       0       0       0       0       0
      Totals:         0       2       0       0       0       0       0       0       0       0       0       0       0       0
Total ram usage:        2 bytes
 Hardware stack levels used:    1
 Hardware stack levels required when called:    7
 This function calls:
		_hinten_ausrichten
		_links_ausrichten
		_omnifakelinks
		_omnifakerechts
		_rechts_ausrichten
		_vorne_ausrichten
 This function is called by:
		_main
		_schwarzeplatte
 This function uses a non-reentrant model


 *************** function _vorne_ausrichten *****************
 Defined at:
		line 892 in file "PGM_5.c"
 Parameters:    Size  Location     Type
		None
 Auto vars:     Size  Location     Type
		None
 Return value:  Size  Location     Type
                  1    wreg      void 
 Registers used:
		wreg, status,2, status,0, pclath, cstack
 Tracked objects:
		On entry : 
		On exit  : 
		Unchanged: 
 Data sizes:     COMMON   BANK0   BANK1   BANK2   BANK3   BANK4   BANK5   BANK6   BANK7   BANK8   BANK9  BANK10  BANK11  BANK12
      Params:         0       0       0       0       0       0       0       0       0       0       0       0       0       0
      Locals:         0       0       0       0       0       0       0       0       0       0       0       0       0       0
      Temps:          0       4       0       0       0       0       0       0       0       0       0       0       0       0
      Totals:         0       4       0       0       0       0       0       0       0       0       0       0       0       0
Total ram usage:        4 bytes
 Hardware stack levels used:    1
 Hardware stack levels required when called:    6
 This function calls:
		_Power_Ausrichten
		___ftmul
		___fttol
		___lbtoft
		_opfer
 This function is called by:
		_ausrichten
 This function uses a non-reentrant model


 *************** function _rechts_ausrichten *****************
 Defined at:
		line 1072 in file "PGM_5.c"
 Parameters:    Size  Location     Type
		None
 Auto vars:     Size  Location     Type
		None
 Return value:  Size  Location     Type
                  1    wreg      void 
 Registers used:
		wreg, status,2, status,0, pclath, cstack
 Tracked objects:
		On entry : 
		On exit  : 
		Unchanged: 
 Data sizes:     COMMON   BANK0   BANK1   BANK2   BANK3   BANK4   BANK5   BANK6   BANK7   BANK8   BANK9  BANK10  BANK11  BANK12
      Params:         0       0       0       0       0       0       0       0       0       0       0       0       0       0
      Locals:         0       0       0       0       0       0       0       0       0       0       0       0       0       0
      Temps:          0       4       0       0       0       0       0       0       0       0       0       0       0       0
      Totals:         0       4       0       0       0       0       0       0       0       0       0       0       0       0
Total ram usage:        4 bytes
 Hardware stack levels used:    1
 Hardware stack levels required when called:    6
 This function calls:
		_Power_Ausrichten
		___ftmul
		___fttol
		___lbtoft
		_opfer
 This function is called by:
		_ausrichten
 This function uses a non-reentrant model


 *************** function _omnifakerechts *****************
 Defined at:
		line 487 in file "PGM_5.c"
 Parameters:    Size  Location     Type
		None
 Auto vars:     Size  Location     Type
		None
 Return value:  Size  Location     Type
                  1    wreg      void 
 Registers used:
		wreg, status,2, status,0, pclath, cstack
 Tracked objects:
		On entry : 
		On exit  : 
		Unchanged: 
 Data sizes:     COMMON   BANK0   BANK1   BANK2   BANK3   BANK4   BANK5   BANK6   BANK7   BANK8   BANK9  BANK10  BANK11  BANK12
      Params:         0       0       0       0       0       0       0       0       0       0       0       0       0       0
      Locals:         0       0       0       0       0       0       0       0       0       0       0       0       0       0
      Temps:          0       2       0       0       0       0       0       0       0       0       0       0       0       0
      Totals:         0       2       0       0       0       0       0       0       0       0       0       0       0       0
Total ram usage:        2 bytes
 Hardware stack levels used:    1
 Hardware stack levels required when called:    4
 This function calls:
		___awdiv
 This function is called by:
		_ausrichten
 This function uses a non-reentrant model


[...]
      Params:         0       0       0       0       0       0       0       0       0       0       0       0       0       0
      Locals:         0       0       0       0       0       0       0       0       0       0       0       0       0       0
      Temps:          0       0       0       0       0       0       0       0       0       0       0       0       0       0
      Totals:         0       0       0       0       0       0       0       0       0       0       0       0       0       0
Total ram usage:        0 bytes
 Hardware stack levels used:    1
 Hardware stack levels required when called:    3
 This function calls:
		Nothing
 This function is called by:
		_vorne_ausrichten
		_hinten_ausrichten
		_links_ausrichten
		_rechts_ausrichten
		_hintenausrichtenopfer
 This function uses a non-reentrant model


 *************** function _init *****************
 Defined at:
		line 8 in file "Init.h"
 Parameters:    Size  Location     Type
		None
 Auto vars:     Size  Location     Type
		None
 Return value:  Size  Location     Type
                  1    wreg      void 
 Registers used:
		wreg, status,2
 Tracked objects:
		On entry : 
		On exit  : 
		Unchanged: 
 Data sizes:     COMMON   BANK0   BANK1   BANK2   BANK3   BANK4   BANK5   BANK6   BANK7   BANK8   BANK9  BANK10  BANK11  BANK12
      Params:         0       0       0       0       0       0       0       0       0       0       0       0       0       0
      Locals:         0       0       0       0       0       0       0       0       0       0       0       0       0       0
      Temps:          0       0       0       0       0       0       0       0       0       0       0       0       0       0
      Totals:         0       0       0       0       0       0       0       0       0       0       0       0       0       0
Total ram usage:        0 bytes
 Hardware stack levels used:    1
 Hardware stack levels required when called:    3
 This function calls:
		Nothing
 This function is called by:
		_main
 This function uses a non-reentrant model


 *************** function _im_Kreis_faren *****************
 Defined at:
		line 827 in file "PGM_5.c"
 Parameters:    Size  Location     Type
		None
 Auto vars:     Size  Location     Type
		None
 Return value:  Size  Location     Type
                  1    wreg      void 
 Registers used:
		wreg, status,2, status,0, pclath, cstack
 Tracked objects:
		On entry : 
		On exit  : 
		Unchanged: 
 Data sizes:     COMMON   BANK0   BANK1   BANK2   BANK3   BANK4   BANK5   BANK6   BANK7   BANK8   BANK9  BANK10  BANK11  BANK12
      Params:         0       0       0       0       0       0       0       0       0       0       0       0       0       0
      Locals:         0       0       0       0       0       0       0       0       0       0       0       0       0       0
      Temps:          0       2       0       0       0       0       0       0       0       0       0       0       0       0
      Totals:         0       2       0       0       0       0       0       0       0       0       0       0       0       0
Total ram usage:        2 bytes
 Hardware stack levels used:    1
 Hardware stack levels required when called:    5
 This function calls:
		_links90grad
 This function is called by:
		_main
 This function uses a non-reentrant model


 *************** function _anderwandlang *****************
 Defined at:
		line 674 in file "PGM_5.c"
 Parameters:    Size  Location     Type
		None
 Auto vars:     Size  Location     Type
		None
 Return value:  Size  Location     Type
                  1    wreg      void 
 Registers used:
		wreg, status,2, status,0, pclath, cstack
 Tracked objects:
		On entry : 
		On exit  : 
		Unchanged: 
 Data sizes:     COMMON   BANK0   BANK1   BANK2   BANK3   BANK4   BANK5   BANK6   BANK7   BANK8   BANK9  BANK10  BANK11  BANK12
      Params:         0       0       0       0       0       0       0       0       0       0       0       0       0       0
      Locals:         0       0       0       0       0       0       0       0       0       0       0       0       0       0
      Temps:          0       3       0       0       0       0       0       0       0       0       0       0       0       0
      Totals:         0       3       0       0       0       0       0       0       0       0       0       0       0       0
Total ram usage:        3 bytes
 Hardware stack levels used:    1
 Hardware stack levels required when called:    6
 This function calls:
		_opfer
 This function is called by:
		_main
 This function uses a non-reentrant model


 *************** function _opfer *****************
 Defined at:
		line 559 in file "PGM_5.c"
 Parameters:    Size  Location     Type
		None
 Auto vars:     Size  Location     Type
		None
 Return value:  Size  Location     Type
                  1    wreg      void 
 Registers used:
		wreg, status,2, status,0, pclath, cstack
 Tracked objects:
		On entry : 
		On exit  : 
		Unchanged: 
 Data sizes:     COMMON   BANK0   BANK1   BANK2   BANK3   BANK4   BANK5   BANK6   BANK7   BANK8   BANK9  BANK10  BANK11  BANK12
      Params:         0       0       0       0       0       0       0       0       0       0       0       0       0       0
      Locals:         0       0       0       0       0       0       0       0       0       0       0       0       0       0
      Temps:          0       2       0       0       0       0       0       0       0       0       0       0       0       0
      Totals:         0       2       0       0       0       0       0       0       0       0       0       0       0       0
Total ram usage:        2 bytes
 Hardware stack levels used:    1
 Hardware stack levels required when called:    5
 This function calls:
		_Strecke_fahren
		_kit_abwerfen
		_links90grad
		_rechts90grad
 This function is called by:
		_main
		_von_sensor_VR_bis_mitte
		_von_mitte_bis_wieder_wand
		_von_mitte_bis_wieder_wand_in_schwarzeplatte
		_anderwandlang
		_schwarzeplatte
		_vorne_ausrichten
		_hinten_ausrichten
		_links_ausrichten
		_rechts_ausrichten
		_cm_fahren
 This function uses a non-reentrant model


 *************** function _rechts90grad *****************
 Defined at:
		line 420 in file "PGM_5.c"
 Parameters:    Size  Location     Type
		None
 Auto vars:     Size  Location     Type
		None
 Return value:  Size  Location     Type
                  1    wreg      void 
 Registers used:
		wreg, status,2, status,0, pclath, cstack
 Tracked objects:
		On entry : 
		On exit  : 
		Unchanged: 
 Data sizes:     COMMON   BANK0   BANK1   BANK2   BANK3   BANK4   BANK5   BANK6   BANK7   BANK8   BANK9  BANK10  BANK11  BANK12
      Params:         0       0       0       0       0       0       0       0       0       0       0       0       0       0
      Locals:         0       0       0       0       0       0       0       0       0       0       0       0       0       0
      Temps:          0       1       0       0       0       0       0       0       0       0       0       0       0       0
      Totals:         0       1       0       0       0       0       0       0       0       0       0       0       0       0
Total ram usage:        1 bytes
 Hardware stack levels used:    1
 Hardware stack levels required when called:    4
 This function calls:
		_Strecke_fahren
 This function is called by:
		_main
		_opfer
 This function uses a non-reentrant model


 *************** function _links90grad *****************
 Defined at:
		line 435 in file "PGM_5.c"
 Parameters:    Size  Location     Type
		None
 Auto vars:     Size  Location     Type
		None
 Return value:  Size  Location     Type
                  1    wreg      void 
 Registers used:
		wreg, status,2, status,0, pclath, cstack
 Tracked objects:
		On entry : 
		On exit  : 
		Unchanged: 
 Data sizes:     COMMON   BANK0   BANK1   BANK2   BANK3   BANK4   BANK5   BANK6   BANK7   BANK8   BANK9  BANK10  BANK11  BANK12
      Params:         0       0       0       0       0       0       0       0       0       0       0       0       0       0
      Locals:         0       0       0       0       0       0       0       0       0       0       0       0       0       0
      Temps:          0       1       0       0       0       0       0       0       0       0       0       0       0       0
      Totals:         0       1       0       0       0       0       0       0       0       0       0       0       0       0
Total ram usage:        1 bytes
 Hardware stack levels used:    1
 Hardware stack levels required when called:    4
 This function calls:
		_Strecke_fahren
 This function is called by:
		_main
		_opfer
		_schwarzeplatte
		_im_Kreis_faren
 This function uses a non-reentrant model


 *************** function _Strecke_fahren *****************
 Defined at:
		line 1149 in file "PGM_5.c"
 Parameters:    Size  Location     Type
  Length          1    wreg     unsigned char 
  Direction       1    4[COMMON] unsigned char 
 Auto vars:     Size  Location     Type
  Length          1    5[COMMON] unsigned char 
 Return value:  Size  Location     Type
                  1    wreg      void 
 Registers used:
		wreg, status,2
 Tracked objects:
		On entry : 
		On exit  : 
		Unchanged: 
 Data sizes:     COMMON   BANK0   BANK1   BANK2   BANK3   BANK4   BANK5   BANK6   BANK7   BANK8   BANK9  BANK10  BANK11  BANK12
      Params:         1       0       0       0       0       0       0       0       0       0       0       0       0       0
      Locals:         1       0       0       0       0       0       0       0       0       0       0       0       0       0
      Temps:          0       2       0       0       0       0       0       0       0       0       0       0       0       0
      Totals:         2       2       0       0       0       0       0       0       0       0       0       0       0       0
Total ram usage:        4 bytes
 Hardware stack levels used:    1
 Hardware stack levels required when called:    3
 This function calls:
		Nothing
 This function is called by:
		_main
		_von_sensor_VR_bis_mitte
		_von_mitte_bis_wieder_wand_in_schwarzeplatte
		_rechts90grad
		_links90grad
		_opfer
		_schwarzeplatte
		_cm_fahren
 This function uses a non-reentrant model


 *************** function _kit_abwerfen *****************
 Defined at:
		line 650 in file "PGM_5.c"
 Parameters:    Size  Location     Type
		None
 Auto vars:     Size  Location     Type
  i               1    2[BANK0 ] unsigned char 
  i               1    1[BANK0 ] unsigned char 
  i               1    0[BANK0 ] unsigned char 
 Return value:  Size  Location     Type
                  1    wreg      void 
 Registers used:
		wreg, status,2, status,0
 Tracked objects:
		On entry : 
		On exit  : 
		Unchanged: 
 Data sizes:     COMMON   BANK0   BANK1   BANK2   BANK3   BANK4   BANK5   BANK6   BANK7   BANK8   BANK9  BANK10  BANK11  BANK12
      Params:         0       0       0       0       0       0       0       0       0       0       0       0       0       0
      Locals:         0       3       0       0       0       0       0       0       0       0       0       0       0       0
      Temps:          2       0       0       0       0       0       0       0       0       0       0       0       0       0
      Totals:         2       3       0       0       0       0       0       0       0       0       0       0       0       0
Total ram usage:        5 bytes
 Hardware stack levels used:    1
 Hardware stack levels required when called:    3
 This function calls:
		Nothing
 This function is called by:
		_main
		_opfer
 This function uses a non-reentrant model


 *************** function _Werte_auf_LCD_anzeigen *****************
 Defined at:
		line 546 in file "PGM_5.c"
 Parameters:    Size  Location     Type
		None
 Auto vars:     Size  Location     Type
  i               1    5[COMMON] unsigned char 
 Return value:  Size  Location     Type
                  1    wreg      void 
 Registers used:
		wreg, fsr1l, fsr1h, status,2, status,0
 Tracked objects:
		On entry : 
		On exit  : 
		Unchanged: 
 Data sizes:     COMMON   BANK0   BANK1   BANK2   BANK3   BANK4   BANK5   BANK6   BANK7   BANK8   BANK9  BANK10  BANK11  BANK12
      Params:         0       0       0       0       0       0       0       0       0       0       0       0       0       0
      Locals:         1       0       0       0       0       0       0       0       0       0       0       0       0       0
      Temps:          1       0       0       0       0       0       0       0       0       0       0       0       0       0
      Totals:         2       0       0       0       0       0       0       0       0       0       0       0       0       0
Total ram usage:        2 bytes
 Hardware stack levels used:    1
 Hardware stack levels required when called:    3
 This function calls:
		Nothing
 This function is called by:
		_main
		_Letter_kal
 This function uses a non-reentrant model


 *************** function _Interrupt *****************
 Defined at:
		line 1162 in file "PGM_5.c"
 Parameters:    Size  Location     Type
		None
 Auto vars:     Size  Location     Type
		None
 Return value:  Size  Location     Type
                  1    wreg      void 
 Registers used:
		wreg, fsr0l, fsr0h, fsr1l, fsr1h, status,2, status,0, pclath, cstack
 Tracked objects:
		On entry : 
		On exit  : 
		Unchanged: 
 Data sizes:     COMMON   BANK0   BANK1   BANK2   BANK3   BANK4   BANK5   BANK6   BANK7   BANK8   BANK9  BANK10  BANK11  BANK12
      Params:         0       0       0       0       0       0       0       0       0       0       0       0       0       0
      Locals:         0       0       0       0       0       0       0       0       0       0       0       0       0       0
      Temps:          2       0       0       0       0       0       0       0       0       0       0       0       0       0
      Totals:         2       0       0       0       0       0       0       0       0       0       0       0       0       0
Total ram usage:        2 bytes
 Hardware stack levels used:    1
 Hardware stack levels required when called:    2
 This function calls:
		_MLX_read
 This function is called by:
		Interrupt level 1
 This function uses a non-reentrant model


 *************** function _MLX_read *****************
 Defined at:
		line 29 in file "MLX_read.h"
 Parameters:    Size  Location     Type
		None
 Auto vars:     Size  Location     Type
		None
 Return value:  Size  Location     Type
                  1    wreg      void 
 Registers used:
		wreg, fsr0l, fsr0h, status,2, status,0, pclath, cstack
 Tracked objects:
		On entry : 
		On exit  : 
		Unchanged: 
 Data sizes:     COMMON   BANK0   BANK1   BANK2   BANK3   BANK4   BANK5   BANK6   BANK7   BANK8   BANK9  BANK10  BANK11  BANK12
      Params:         0       0       0       0       0       0       0       0       0       0       0       0       0       0
      Locals:         0       0       0       0       0       0       0       0       0       0       0       0       0       0
      Temps:          2       0       0       0       0       0       0       0       0       0       0       0       0       0
      Totals:         2       0       0       0       0       0       0       0       0       0       0       0       0       0
Total ram usage:        2 bytes
 Hardware stack levels used:    1
 Hardware stack levels required when called:    1
 This function calls:
		_warten_auf_SSP_flag
 This function is called by:
		_Interrupt
 This function uses a non-reentrant model


 *************** function _warten_auf_SSP_flag *****************
 Defined at:
		line 21 in file "MLX_read.h"
 Parameters:    Size  Location     Type
		None
 Auto vars:     Size  Location     Type
		None
 Return value:  Size  Location     Type
                  1    wreg      void 
 Registers used:
		None
 Tracked objects:
		On entry : 
		On exit  : 
		Unchanged: 
 Data sizes:     COMMON   BANK0   BANK1   BANK2   BANK3   BANK4   BANK5   BANK6   BANK7   BANK8   BANK9  BANK10  BANK11  BANK12
      Params:         0       0       0       0       0       0       0       0       0       0       0       0       0       0
      Locals:         0       0       0       0       0       0       0       0       0       0       0       0       0       0
      Temps:          0       0       0       0       0       0       0       0       0       0       0       0       0       0
      Totals:         0       0       0       0       0       0       0       0       0       0       0       0       0       0
Total ram usage:        0 bytes
 Hardware stack levels used:    1
 This function calls:
		Nothing
 This function is called by:
		_MLX_read
 This function uses a non-reentrant model



MODULE INFORMATION

Module		Function		Class		Link	Load	Size
C:\Program Files (x86)\Microchip\xc8\v1.45\sources\common\float.c
		___ftpack      		CODE           	137C	0000	102

C:\Program Files (x86)\Microchip\xc8\v1.45\sources\common\float.c estimated size: 102

PGM_5.c
		_vorne_ausrichten		CODE           	01E7	0000	879
		_hinten_ausrichten		CODE           	0D02	0000	767
		_omnifakelinks 		CODE           	09F6	0000	246
		_hindernis     		CODE           	16A7	0000	166
		_ausrichten    		CODE           	1220	0000	77
		_omnifakerechts		CODE           	090E	0000	233
		_Interrupt     		CODE           	0004	0000	412
		_von_sensor_VR_bis_mitte		CODE           	07D0	0000	34
		_schwarzeplatte		CODE           	0555	0000	341
		_Power_Ausrichten		CODE           	0003	0000	2
		_main          		CODE           	06A9	0000	296
		_opfer         		CODE           	1599	0000	136
		_rechts90grad  		CODE           	11E3	0000	62
		_Strecke_fahren		CODE           	1179	0000	19
		_links_ausrichten		CODE           	0AEB	0000	254
		_von_mitte_bis_wieder_wand		CODE           	13E1	0000	102
		_rechts_ausrichten		CODE           	0BE8	0000	283
		_links90grad   		CODE           	11A6	0000	62
		_anderwandlang 		CODE           	0849	0000	198
		_von_mitte_bis_wieder_wand_in_schwarzeplatte		CODE           	1446	0000	106
		_im_Kreis_faren		CODE           	12BE	0000	96
		_kit_abwerfen  		CODE           	14AF	0000	111
		_Werte_auf_LCD_anzeigen		CODE           	0804	0000	70

PGM_5.c estimated size: 4952

MLX_read.h
		_MLX_read      		CODE           	151D	0000	125
		_warten_auf_SSP_flag		CODE           	1158	0000	6

MLX_read.h estimated size: 131

C:\Program Files (x86)\Microchip\xc8\v1.45\sources\common\ftmul.c
		___ftmul       		CODE           	174C	0000	181

C:\Program Files (x86)\Microchip\xc8\v1.45\sources\common\ftmul.c estimated size: 181

shared
		_PIC_Letter_1  		STRCODE        	1800	0000	2
		__initialization		CODE           	01A1	0000	67
		_MLX_Slave     		STRCODE        	1802	0000	2
		_PIC_Slave     		STRCODE        	1801	0000	2

shared estimated size: 73

Init.h
		_init          		CODE           	131D	0000	96

Init.h estimated size: 96

C:\Program Files (x86)\Microchip\xc8\v1.45\sources\common\fttol.c
		___fttol       		CODE           	1620	0000	136

C:\Program Files (x86)\Microchip\xc8\v1.45\sources\common\fttol.c estimated size: 136

C:\Program Files (x86)\Microchip\xc8\v1.45\sources\common\awdiv.c
		___awdiv       		CODE           	126C	0000	83

C:\Program Files (x86)\Microchip\xc8\v1.45\sources\common\awdiv.c estimated size: 83

C:\Program Files (x86)\Microchip\xc8\v1.45\sources\common\lbtoft.c
		___lbtoft      		CODE           	118B	0000	28

C:\Program Files (x86)\Microchip\xc8\v1.45\sources\common\lbtoft.c estimated size: 28

